// Jest Snapshot v1, https://goo.gl/fbAQLP

exports[`Card Snapshot testing Card renders correctly 1`] = `
<div
  className="dib br3 pa2 ma2 tc"
>
  <img
    alt="robot"
    src="https://robohash.org/undefined?size=220x220"
  />
  <div>
    <h2 />
    <p />
  </div>
</div>
`;
